------------------------------------------------------------
Timing Analyzer Summary
------------------------------------------------------------

Type  : Slow 1100mV 85C Model Setup 'clk'
Slack : -4.807
TNS   : -6052.933

Type  : Slow 1100mV 85C Model Setup 'PISA:pisa|vga:vga|pll:vgapll|toggle'
Slack : -4.028
TNS   : -160.035

Type  : Slow 1100mV 85C Model Hold 'clk'
Slack : 0.355
TNS   : 0.000

Type  : Slow 1100mV 85C Model Hold 'PISA:pisa|vga:vga|pll:vgapll|toggle'
Slack : 1.148
TNS   : 0.000

Type  : Slow 1100mV 85C Model Minimum Pulse Width 'clk'
Slack : -2.636
TNS   : -28124.944

Type  : Slow 1100mV 85C Model Minimum Pulse Width 'PISA:pisa|vga:vga|pll:vgapll|toggle'
Slack : -2.225
TNS   : -58.962

Type  : Slow 1100mV 0C Model Setup 'clk'
Slack : -4.664
TNS   : -5659.794

Type  : Slow 1100mV 0C Model Setup 'PISA:pisa|vga:vga|pll:vgapll|toggle'
Slack : -4.012
TNS   : -159.506

Type  : Slow 1100mV 0C Model Hold 'clk'
Slack : 0.190
TNS   : 0.000

Type  : Slow 1100mV 0C Model Hold 'PISA:pisa|vga:vga|pll:vgapll|toggle'
Slack : 1.152
TNS   : 0.000

Type  : Slow 1100mV 0C Model Minimum Pulse Width 'clk'
Slack : -2.636
TNS   : -28064.206

Type  : Slow 1100mV 0C Model Minimum Pulse Width 'PISA:pisa|vga:vga|pll:vgapll|toggle'
Slack : -2.225
TNS   : -58.635

Type  : Fast 1100mV 85C Model Setup 'clk'
Slack : -2.946
TNS   : -3070.824

Type  : Fast 1100mV 85C Model Setup 'PISA:pisa|vga:vga|pll:vgapll|toggle'
Slack : -1.936
TNS   : -71.215

Type  : Fast 1100mV 85C Model Hold 'clk'
Slack : 0.090
TNS   : 0.000

Type  : Fast 1100mV 85C Model Hold 'PISA:pisa|vga:vga|pll:vgapll|toggle'
Slack : 0.541
TNS   : 0.000

Type  : Fast 1100mV 85C Model Minimum Pulse Width 'clk'
Slack : -2.636
TNS   : -27988.142

Type  : Fast 1100mV 85C Model Minimum Pulse Width 'PISA:pisa|vga:vga|pll:vgapll|toggle'
Slack : -1.702
TNS   : -35.742

Type  : Fast 1100mV 0C Model Setup 'clk'
Slack : -2.502
TNS   : -2476.231

Type  : Fast 1100mV 0C Model Setup 'PISA:pisa|vga:vga|pll:vgapll|toggle'
Slack : -1.638
TNS   : -63.583

Type  : Fast 1100mV 0C Model Hold 'clk'
Slack : -0.104
TNS   : -1.039

Type  : Fast 1100mV 0C Model Hold 'PISA:pisa|vga:vga|pll:vgapll|toggle'
Slack : 0.500
TNS   : 0.000

Type  : Fast 1100mV 0C Model Minimum Pulse Width 'clk'
Slack : -2.636
TNS   : -28007.037

Type  : Fast 1100mV 0C Model Minimum Pulse Width 'PISA:pisa|vga:vga|pll:vgapll|toggle'
Slack : -1.702
TNS   : -35.742

------------------------------------------------------------
