------------------------------------------------------------
Timing Analyzer Summary
------------------------------------------------------------

Type  : Slow 1100mV 85C Model Setup 'CLK'
Slack : 17.003
TNS   : 0.000

Type  : Slow 1100mV 85C Model Setup 'PLL|pll_inst|altera_pll_i|general[0].gpll~PLL_OUTPUT_COUNTER|divclk'
Slack : 195.888
TNS   : 0.000

Type  : Slow 1100mV 85C Model Hold 'PLL|pll_inst|altera_pll_i|general[0].gpll~PLL_OUTPUT_COUNTER|divclk'
Slack : 0.217
TNS   : 0.000

Type  : Slow 1100mV 85C Model Hold 'CLK'
Slack : 0.232
TNS   : 0.000

Type  : Slow 1100mV 85C Model Recovery 'PLL|pll_inst|altera_pll_i|general[0].gpll~PLL_OUTPUT_COUNTER|divclk'
Slack : 9.389
TNS   : 0.000

Type  : Slow 1100mV 85C Model Removal 'PLL|pll_inst|altera_pll_i|general[0].gpll~PLL_OUTPUT_COUNTER|divclk'
Slack : 6.900
TNS   : 0.000

Type  : Slow 1100mV 85C Model Minimum Pulse Width 'PLL|pll_inst|altera_pll_i|general[0].gpll~FRACTIONAL_PLL|vcoph[0]'
Slack : 1.666
TNS   : 0.000

Type  : Slow 1100mV 85C Model Minimum Pulse Width 'CLK'
Slack : 9.260
TNS   : 0.000

Type  : Slow 1100mV 85C Model Minimum Pulse Width 'PLL|pll_inst|altera_pll_i|general[0].gpll~PLL_OUTPUT_COUNTER|divclk'
Slack : 99.157
TNS   : 0.000

Type  : Slow 1100mV 0C Model Setup 'CLK'
Slack : 17.013
TNS   : 0.000

Type  : Slow 1100mV 0C Model Setup 'PLL|pll_inst|altera_pll_i|general[0].gpll~PLL_OUTPUT_COUNTER|divclk'
Slack : 196.000
TNS   : 0.000

Type  : Slow 1100mV 0C Model Hold 'PLL|pll_inst|altera_pll_i|general[0].gpll~PLL_OUTPUT_COUNTER|divclk'
Slack : 0.281
TNS   : 0.000

Type  : Slow 1100mV 0C Model Hold 'CLK'
Slack : 0.294
TNS   : 0.000

Type  : Slow 1100mV 0C Model Recovery 'PLL|pll_inst|altera_pll_i|general[0].gpll~PLL_OUTPUT_COUNTER|divclk'
Slack : 9.560
TNS   : 0.000

Type  : Slow 1100mV 0C Model Removal 'PLL|pll_inst|altera_pll_i|general[0].gpll~PLL_OUTPUT_COUNTER|divclk'
Slack : 6.939
TNS   : 0.000

Type  : Slow 1100mV 0C Model Minimum Pulse Width 'PLL|pll_inst|altera_pll_i|general[0].gpll~FRACTIONAL_PLL|vcoph[0]'
Slack : 1.666
TNS   : 0.000

Type  : Slow 1100mV 0C Model Minimum Pulse Width 'CLK'
Slack : 9.241
TNS   : 0.000

Type  : Slow 1100mV 0C Model Minimum Pulse Width 'PLL|pll_inst|altera_pll_i|general[0].gpll~PLL_OUTPUT_COUNTER|divclk'
Slack : 99.166
TNS   : 0.000

Type  : Fast 1100mV 85C Model Setup 'CLK'
Slack : 18.397
TNS   : 0.000

Type  : Fast 1100mV 85C Model Setup 'PLL|pll_inst|altera_pll_i|general[0].gpll~PLL_OUTPUT_COUNTER|divclk'
Slack : 197.724
TNS   : 0.000

Type  : Fast 1100mV 85C Model Hold 'PLL|pll_inst|altera_pll_i|general[0].gpll~PLL_OUTPUT_COUNTER|divclk'
Slack : 0.139
TNS   : 0.000

Type  : Fast 1100mV 85C Model Hold 'CLK'
Slack : 0.147
TNS   : 0.000

Type  : Fast 1100mV 85C Model Recovery 'PLL|pll_inst|altera_pll_i|general[0].gpll~PLL_OUTPUT_COUNTER|divclk'
Slack : 9.209
TNS   : 0.000

Type  : Fast 1100mV 85C Model Removal 'PLL|pll_inst|altera_pll_i|general[0].gpll~PLL_OUTPUT_COUNTER|divclk'
Slack : 8.481
TNS   : 0.000

Type  : Fast 1100mV 85C Model Minimum Pulse Width 'PLL|pll_inst|altera_pll_i|general[0].gpll~FRACTIONAL_PLL|vcoph[0]'
Slack : 1.666
TNS   : 0.000

Type  : Fast 1100mV 85C Model Minimum Pulse Width 'CLK'
Slack : 9.437
TNS   : 0.000

Type  : Fast 1100mV 85C Model Minimum Pulse Width 'PLL|pll_inst|altera_pll_i|general[0].gpll~PLL_OUTPUT_COUNTER|divclk'
Slack : 99.529
TNS   : 0.000

Type  : Fast 1100mV 0C Model Setup 'CLK'
Slack : 18.505
TNS   : 0.000

Type  : Fast 1100mV 0C Model Setup 'PLL|pll_inst|altera_pll_i|general[0].gpll~PLL_OUTPUT_COUNTER|divclk'
Slack : 197.926
TNS   : 0.000

Type  : Fast 1100mV 0C Model Hold 'PLL|pll_inst|altera_pll_i|general[0].gpll~PLL_OUTPUT_COUNTER|divclk'
Slack : 0.146
TNS   : 0.000

Type  : Fast 1100mV 0C Model Hold 'CLK'
Slack : 0.154
TNS   : 0.000

Type  : Fast 1100mV 0C Model Recovery 'PLL|pll_inst|altera_pll_i|general[0].gpll~PLL_OUTPUT_COUNTER|divclk'
Slack : 9.373
TNS   : 0.000

Type  : Fast 1100mV 0C Model Removal 'PLL|pll_inst|altera_pll_i|general[0].gpll~PLL_OUTPUT_COUNTER|divclk'
Slack : 8.510
TNS   : 0.000

Type  : Fast 1100mV 0C Model Minimum Pulse Width 'PLL|pll_inst|altera_pll_i|general[0].gpll~FRACTIONAL_PLL|vcoph[0]'
Slack : 1.666
TNS   : 0.000

Type  : Fast 1100mV 0C Model Minimum Pulse Width 'CLK'
Slack : 9.425
TNS   : 0.000

Type  : Fast 1100mV 0C Model Minimum Pulse Width 'PLL|pll_inst|altera_pll_i|general[0].gpll~PLL_OUTPUT_COUNTER|divclk'
Slack : 99.533
TNS   : 0.000

------------------------------------------------------------
